-- The C compiler identification is GNU 13.3.0
-- The CXX compiler identification is GNU 13.3.0
-- Detecting C compiler ABI info
-- Detecting C compiler ABI info - done
-- Check for working C compiler: /usr/bin/cc - skipped
-- Detecting C compile features
-- Detecting C compile features - done
-- Detecting CXX compiler ABI info
-- Detecting CXX compiler ABI info - done
-- Check for working CXX compiler: /usr/bin/c++ - skipped
-- Detecting CXX compile features
-- Detecting CXX compile features - done
Current CPU archtecture: x86_64
Processer number:  24
core for MP: 4
CMake Warning (dev) at CMakeLists.txt:47 (find_package):
  Policy CMP0148 is not set: The FindPythonInterp and FindPythonLibs modules
  are removed.  Run "cmake --help-policy CMP0148" for policy details.  Use
  the cmake_policy command to set the policy and suppress this warning.

This warning is for project developers.  Use -Wno-dev to suppress it.

-- Found PythonLibs: /usr/lib/x86_64-linux-gnu/libpython3.12.so (found version "3.12.3") 
CMake Error at CMakeLists.txt:51 (find_package):
  By not providing "Findament_cmake.cmake" in CMAKE_MODULE_PATH this project
  has asked CMake to find a package configuration file provided by
  "ament_cmake", but CMake did not find one.

  Could not find a package configuration file provided by "ament_cmake" with
  any of the following names:

    ament_cmakeConfig.cmake
    ament_cmake-config.cmake

  Add the installation prefix of "ament_cmake" to CMAKE_PREFIX_PATH or set
  "ament_cmake_DIR" to a directory containing one of the above files.  If
  "ament_cmake" provides a separate development package or SDK, be sure it
  has been installed.


-- Configuring incomplete, errors occurred!
