[0.004s] Invoking command in '/home/jonny/drivers/FAST_LIO_ROS2/build/fast_lio': DEBUGINFOD_URLS=https://debuginfod.ubuntu.com /usr/bin/cmake /home/jonny/drivers/FAST_LIO_ROS2 -DAMENT_CMAKE_SYMLINK_INSTALL=1 -DCMAKE_INSTALL_PREFIX=/home/jonny/drivers/FAST_LIO_ROS2/install/fast_lio
[0.039s] -- The C compiler identification is GNU 13.3.0
[0.074s] -- The CXX compiler identification is GNU 13.3.0
[0.084s] -- Detecting C compiler ABI info
[0.135s] -- Detecting C compiler ABI info - done
[0.142s] -- Check for working C compiler: /usr/bin/cc - skipped
[0.142s] -- Detecting C compile features
[0.142s] -- Detecting C compile features - done
[0.148s] -- Detecting CXX compiler ABI info
[0.207s] -- Detecting CXX compiler ABI info - done
[0.214s] -- Check for working CXX compiler: /usr/bin/c++ - skipped
[0.214s] -- Detecting CXX compile features
[0.215s] -- Detecting CXX compile features - done
[0.215s] Current CPU archtecture: x86_64
[0.220s] Processer number:  24
[0.220s] core for MP: 4
[0.489s] CMake Warning (dev) at CMakeLists.txt:47 (find_package):
[0.489s]   Policy CMP0148 is not set: The FindPythonInterp and FindPythonLibs modules
[0.489s]   are removed.  Run "cmake --help-policy CMP0148" for policy details.  Use
[0.489s]   the cmake_policy command to set the policy and suppress this warning.
[0.489s] 
[0.489s] This warning is for project developers.  Use -Wno-dev to suppress it.
[0.489s] 
[0.506s] -- Found PythonLibs: /usr/lib/x86_64-linux-gnu/libpython3.12.so (found version "3.12.3") 
[0.512s] CMake Error at CMakeLists.txt:51 (find_package):
[0.512s]   By not providing "Findament_cmake.cmake" in CMAKE_MODULE_PATH this project
[0.512s]   has asked CMake to find a package configuration file provided by
[0.512s]   "ament_cmake", but CMake did not find one.
[0.512s] 
[0.512s]   Could not find a package configuration file provided by "ament_cmake" with
[0.512s]   any of the following names:
[0.512s] 
[0.512s]     ament_cmakeConfig.cmake
[0.512s]     ament_cmake-config.cmake
[0.512s] 
[0.512s]   Add the installation prefix of "ament_cmake" to CMAKE_PREFIX_PATH or set
[0.512s]   "ament_cmake_DIR" to a directory containing one of the above files.  If
[0.512s]   "ament_cmake" provides a separate development package or SDK, be sure it
[0.512s]   has been installed.
[0.512s] 
[0.512s] 
[0.512s] -- Configuring incomplete, errors occurred!
[0.516s] Invoked command in '/home/jonny/drivers/FAST_LIO_ROS2/build/fast_lio' returned '1': DEBUGINFOD_URLS=https://debuginfod.ubuntu.com /usr/bin/cmake /home/jonny/drivers/FAST_LIO_ROS2 -DAMENT_CMAKE_SYMLINK_INSTALL=1 -DCMAKE_INSTALL_PREFIX=/home/jonny/drivers/FAST_LIO_ROS2/install/fast_lio
